// Jest Snapshot v1, https://goo.gl/fbAQLP

exports[`<Main/> it shoudl render the heading 1`] = `
.c0 {
  background-color: #06092b;
  color: #fff;
  width: 100%;
  height: 100%;
  text-align: center;
  display: -webkit-box;
  display: -webkit-flex;
  display: -ms-flexbox;
  display: flex;
  -webkit-align-items: center;
  -webkit-box-align: center;
  -ms-flex-align: center;
  align-items: center;
  -webkit-box-pack: center;
  -webkit-justify-content: center;
  -ms-flex-pack: center;
  justify-content: center;
  padding: 3rem;
  -webkit-flex-direction: column;
  -ms-flex-direction: column;
  flex-direction: column;
}

.c1 {
  width: 25rem;
  margin-bottom: 2rem;
}

.c2 {
  font-size: 2.5rem;
}

.c3 {
  font-size: 2.5rem;
  font-weight: 400;
}

.c4 {
  margin-top: 3rem;
  width: min(30rem,100%);
}

<main
  class="c0"
>
  <img
    alt="Logo do projeto - Boilerplate"
    class="c1"
    src="/img/logo.svg"
  />
  <h1
    class="c2"
  >
    BoilerPlate do Galvs
  </h1>
  <h2
    class="c3"
  >
    Boilerplate criado com amor e dedicação total de Antônio Galvão. Boilerplate conta com projeto em Next.js usando typescript e styled componentes, bem como, configurado para testes, prettier, eslint e husky.
  </h2>
  <img
    alt="Desenvolvedor na frente do computador"
    class="c4"
    src="/img/hero-illustration.svg"
  />
</main>
`;
